../Core/Src/main.c:164:5:main	8	static
../Core/Src/main.c:270:6:SystemClock_Config	88	static
../Core/Src/main.c:317:13:MX_NVIC_Init	8	static
../Core/Src/main.c:329:13:MX_ADC2_Init	40	static
../Core/Src/main.c:397:13:MX_COMP2_Init	8	static
../Core/Src/main.c:429:13:MX_COMP3_Init	8	static
../Core/Src/main.c:461:13:MX_COMP4_Init	8	static
../Core/Src/main.c:493:13:MX_COMP6_Init	8	static
../Core/Src/main.c:525:13:MX_HRTIM1_Init	184	static
../Core/Src/main.c:678:13:MX_TIM3_Init	64	static
../Core/Src/main.c:737:13:MX_USART3_UART_Init	8	static
../Core/Src/main.c:785:13:MX_USB_PCD_Init	8	static
../Core/Src/main.c:818:13:MX_GPIO_Init	48	static
../Core/Src/main.c:942:13:PWM_setduty	24	static
../Core/Src/main.c:949:6:StartADC	8	static
../Core/Src/main.c:975:6:StartDefaultTask	16	static
../Core/Src/main.c:1058:6:StartTask02	16	static
../Core/Src/main.c:1160:6:StartTask03	16	static
../Core/Src/main.c:1237:6:StartTask04	16	static
../Core/Src/main.c:1266:6:DeadZone	16	static
../Core/Src/main.c:1325:6:HAL_TIM_PeriodElapsedCallback	16	static
../Core/Src/main.c:1343:6:Error_Handler	4	static,ignoring_inline_asm
